Dotfiles · LuHer — macOS / arm64
  [ ] 1) Ghostty — Terminal moderno y c…
> [x] 2) tmux — Multiplexor de terminal
  [ ] 3) Herdr — Multiplexor para sesio…
  [ ] 4) Starship — Prompt rápido y per…
  [ ] 5) Zsh — Shell interactiva
  [ ] 6) OpenCode — Agente de programac…
  [ ] 7) Pi — Pi (opcional; +7 extensio…
  [ ] 8) Atuin — Historial de shell sin…
  [ ] 9) Zoxide — Navegación rápida ent…
  [ ] 10) eza — Listado moderno de arch…
  [ ] 11) fnm — Gestor rápido de versio…
  [ ] 12) Autosugerencias Zsh — Sugeren…
  [ ] 13) Resaltado Zsh — Colores de si…
  [ ] 14) Neovim — Editor extensible (e…
  [ ] 15) AeroSpace — Gestor de ventana…
↑↓ mover · Espacio marcar · Enter confi…
